// Jest Snapshot v1, https://goo.gl/fbAQLP

exports[`TextInput renders with a label 1`] = `
<div
  className="TextInput"
>
  <label
    className="TextInput__label"
    htmlFor="test"
  >
    A label
  </label>
  <input
    className="TextInput__input"
    id="test"
  />
</div>
`;
